
> elifoot-rebuild@1.0.0 build
> vite build

vite v8.0.11 building client environment for production...
[2Ktransforming...
/elifoot-web/sprites/animations/ball-roll-8frames.png referenced in /elifoot-web/sprites/animations/ball-roll-8frames.png didn't resolve at build time, it will remain unchanged to be resolved at runtime

/elifoot-web/sprites/animations/goal-burst-6frames.png referenced in /elifoot-web/sprites/animations/goal-burst-6frames.png didn't resolve at build time, it will remain unchanged to be resolved at runtime

/elifoot-web/sprites/animations/spinner-8frames.png referenced in /elifoot-web/sprites/animations/spinner-8frames.png didn't resolve at build time, it will remain unchanged to be resolved at runtime

/elifoot-web/sprites/cards/match-events.png referenced in /elifoot-web/sprites/cards/match-events.png didn't resolve at build time, it will remain unchanged to be resolved at runtime

/elifoot-web/sprites/positions/position-icons.png referenced in /elifoot-web/sprites/positions/position-icons.png didn't resolve at build time, it will remain unchanged to be resolved at runtime

/elifoot-web/sprites/trophies/trophy-set.png referenced in /elifoot-web/sprites/trophies/trophy-set.png didn't resolve at build time, it will remain unchanged to be resolved at runtime

/elifoot-web/sprites/effects/score-digits.png referenced in /elifoot-web/sprites/effects/score-digits.png didn't resolve at build time, it will remain unchanged to be resolved at runtime

/elifoot-web/sprites/animations/trophy-unlock-6frames.png referenced in /elifoot-web/sprites/animations/trophy-unlock-6frames.png didn't resolve at build time, it will remain unchanged to be resolved at runtime

/elifoot-web/sprites/animations/crowd-wave-4frames.png referenced in /elifoot-web/sprites/animations/crowd-wave-4frames.png didn't resolve at build time, it will remain unchanged to be resolved at runtime

/elifoot-web/sprites/animations/ball-kick-6frames.png referenced in /elifoot-web/sprites/animations/ball-kick-6frames.png didn't resolve at build time, it will remain unchanged to be resolved at runtime

/elifoot-web/sprites/animations/gk-save-5frames.png referenced in /elifoot-web/sprites/animations/gk-save-5frames.png didn't resolve at build time, it will remain unchanged to be resolved at runtime

/elifoot-web/sprites/animations/crowd-flag-wave-4frames.png referenced in /elifoot-web/sprites/animations/crowd-flag-wave-4frames.png didn't resolve at build time, it will remain unchanged to be resolved at runtime

/elifoot-web/sprites/banners/newspaper-backdrop.png referenced in /elifoot-web/sprites/banners/newspaper-backdrop.png didn't resolve at build time, it will remain unchanged to be resolved at runtime

/elifoot-web/sprites/banners/boardroom-interior.png referenced in /elifoot-web/sprites/banners/boardroom-interior.png didn't resolve at build time, it will remain unchanged to be resolved at runtime

/elifoot-web/sprites/banners/champion-celebration.png referenced in /elifoot-web/sprites/banners/champion-celebration.png didn't resolve at build time, it will remain unchanged to be resolved at runtime

/elifoot-web/sprites/pitch-topdown-32bit.png referenced in /elifoot-web/sprites/pitch-topdown-32bit.png didn't resolve at build time, it will remain unchanged to be resolved at runtime

/elifoot-web/sprites/banners/state-arrows.png referenced in /elifoot-web/sprites/banners/state-arrows.png didn't resolve at build time, it will remain unchanged to be resolved at runtime

/elifoot-web/sprites/effects/sponsors-fictional.png referenced in /elifoot-web/sprites/effects/sponsors-fictional.png didn't resolve at build time, it will remain unchanged to be resolved at runtime

/elifoot-web/sprites/effects/finance-icons.png referenced in /elifoot-web/sprites/effects/finance-icons.png didn't resolve at build time, it will remain unchanged to be resolved at runtime

/elifoot-web/sprites/effects/celebration.png referenced in /elifoot-web/sprites/effects/celebration.png didn't resolve at build time, it will remain unchanged to be resolved at runtime

/elifoot-web/sprites/effects/weather-overlays.png referenced in /elifoot-web/sprites/effects/weather-overlays.png didn't resolve at build time, it will remain unchanged to be resolved at runtime

/elifoot-web/sprites/avatars/managers.png referenced in /elifoot-web/sprites/avatars/managers.png didn't resolve at build time, it will remain unchanged to be resolved at runtime

/elifoot-web/sprites/avatars/players-32.png referenced in /elifoot-web/sprites/avatars/players-32.png didn't resolve at build time, it will remain unchanged to be resolved at runtime

/elifoot-web/sprites/achievements-30.png referenced in /elifoot-web/sprites/achievements-30.png didn't resolve at build time, it will remain unchanged to be resolved at runtime

/elifoot-web/sprites/effects/crowd-strip.png referenced in /elifoot-web/sprites/effects/crowd-strip.png didn't resolve at build time, it will remain unchanged to be resolved at runtime

/elifoot-web/sprites/banners/locker-room.png referenced in /elifoot-web/sprites/banners/locker-room.png didn't resolve at build time, it will remain unchanged to be resolved at runtime

/elifoot-web/sprites/banners/tunnel-walkout.png referenced in /elifoot-web/sprites/banners/tunnel-walkout.png didn't resolve at build time, it will remain unchanged to be resolved at runtime

/elifoot-web/sprites/banners/press-box.png referenced in /elifoot-web/sprites/banners/press-box.png didn't resolve at build time, it will remain unchanged to be resolved at runtime

/elifoot-web/sprites/banners/trophy-room-cabinet.png referenced in /elifoot-web/sprites/banners/trophy-room-cabinet.png didn't resolve at build time, it will remain unchanged to be resolved at runtime

/elifoot-web/sprites/pitch-tactical-433.png referenced in /elifoot-web/sprites/pitch-tactical-433.png didn't resolve at build time, it will remain unchanged to be resolved at runtime

/elifoot-web/sprites/pitch-patterns-4variants.png referenced in /elifoot-web/sprites/pitch-patterns-4variants.png didn't resolve at build time, it will remain unchanged to be resolved at runtime

/elifoot-web/sprites/stadium-night-D-I-variants.png referenced in /elifoot-web/sprites/stadium-night-D-I-variants.png didn't resolve at build time, it will remain unchanged to be resolved at runtime
✓ 4960 modules transformed.
rendering chunks...
✗ Build failed in 553ms
error during build:
Build failed with 4 errors:

[31m[MISSING_EXPORT] Error:[0m "Whistle" is not exported by "node_modules/@phosphor-icons/react/dist/index.es.js".
   [38;5;246m╭[0m[38;5;246m─[0m[38;5;246m[[0m src/components/PlayerMatchView.jsx:8:29 [38;5;246m][0m
   [38;5;246m│[0m
 [38;5;246m8 │[0m [38;5;249mi[0m[38;5;249mm[0m[38;5;249mp[0m[38;5;249mo[0m[38;5;249mr[0m[38;5;249mt[0m[38;5;249m [0m[38;5;249m{[0m[38;5;249m [0m[38;5;249mC[0m[38;5;249ml[0m[38;5;249mo[0m[38;5;249mc[0m[38;5;249mk[0m[38;5;249m,[0m[38;5;249m [0m[38;5;249mS[0m[38;5;249mo[0m[38;5;249mc[0m[38;5;249mc[0m[38;5;249me[0m[38;5;249mr[0m[38;5;249mB[0m[38;5;249ma[0m[38;5;249ml[0m[38;5;249ml[0m[38;5;249m,[0m[38;5;249m [0mWhistle[38;5;249m,[0m[38;5;249m [0m[38;5;249mU[0m[38;5;249ms[0m[38;5;249me[0m[38;5;249mr[0m[38;5;249mM[0m[38;5;249mi[0m[38;5;249mn[0m[38;5;249mu[0m[38;5;249ms[0m[38;5;249m,[0m[38;5;249m [0m[38;5;249mT[0m[38;5;249mr[0m[38;5;249me[0m[38;5;249mn[0m[38;5;249md[0m[38;5;249mU[0m[38;5;249mp[0m[38;5;249m,[0m[38;5;249m [0m[38;5;249mW[0m[38;5;249ma[0m[38;5;249mr[0m[38;5;249mn[0m[38;5;249mi[0m[38;5;249mn[0m[38;5;249mg[0m[38;5;249mC[0m[38;5;249mi[0m[38;5;249mr[0m[38;5;249mc[0m[38;5;249ml[0m[38;5;249me[0m[38;5;249m,[0m[38;5;249m [0m[38;5;249mC[0m[38;5;249mh[0m[38;5;249me[0m[38;5;249mc[0m[38;5;249mk[0m[38;5;249mC[0m[38;5;249mi[0m[38;5;249mr[0m[38;5;249mc[0m[38;5;249ml[0m[38;5;249me[0m[38;5;249m,[0m[38;5;249m [0m[38;5;249mQ[0m[38;5;249mu[0m[38;5;249me[0m[38;5;249ms[0m[38;5;249mt[0m[38;5;249mi[0m[38;5;249mo[0m[38;5;249mn[0m[38;5;249m [0m[38;5;249m}[0m[38;5;249m [0m[38;5;249mf[0m[38;5;249mr[0m[38;5;249mo[0m[38;5;249mm[0m[38;5;249m [0m[38;5;249m"[0m[38;5;249m@[0m[38;5;249mp[0m[38;5;249mh[0m[38;5;249mo[0m[38;5;249ms[0m[38;5;249mp[0m[38;5;249mh[0m[38;5;249mo[0m[38;5;249mr[0m[38;5;249m-[0m[38;5;249mi[0m[38;5;249mc[0m[38;5;249mo[0m[38;5;249mn[0m[38;5;249ms[0m[38;5;249m/[0m[38;5;249mr[0m[38;5;249me[0m[38;5;249ma[0m[38;5;249mc[0m[38;5;249mt[0m[38;5;249m"[0m[38;5;249m;[0m
 [38;5;240m  │[0m                             ───┬───  
 [38;5;240m  │[0m                                ╰───── Missing export
[38;5;246m───╯[0m

[31m[MISSING_EXPORT] Error:[0m "Gamepad" is not exported by "node_modules/@phosphor-icons/react/dist/index.es.js".
   [38;5;246m╭[0m[38;5;246m─[0m[38;5;246m[[0m src/components/MonitorView.jsx:6:15 [38;5;246m][0m
   [38;5;246m│[0m
 [38;5;246m6 │[0m [38;5;249mi[0m[38;5;249mm[0m[38;5;249mp[0m[38;5;249mo[0m[38;5;249mr[0m[38;5;249mt[0m[38;5;249m [0m[38;5;249m{[0m[38;5;249m [0m[38;5;249mB[0m[38;5;249mu[0m[38;5;249mg[0m[38;5;249m,[0m[38;5;249m [0mGamepad[38;5;249m,[0m[38;5;249m [0m[38;5;249mC[0m[38;5;249mh[0m[38;5;249ma[0m[38;5;249mt[0m[38;5;249mC[0m[38;5;249mi[0m[38;5;249mr[0m[38;5;249mc[0m[38;5;249ml[0m[38;5;249me[0m[38;5;249mT[0m[38;5;249me[0m[38;5;249mx[0m[38;5;249mt[0m[38;5;249m,[0m[38;5;249m [0m[38;5;249mN[0m[38;5;249mo[0m[38;5;249mt[0m[38;5;249me[0m[38;5;249m,[0m[38;5;249m [0m[38;5;249mA[0m[38;5;249mr[0m[38;5;249mr[0m[38;5;249mo[0m[38;5;249mw[0m[38;5;249mL[0m[38;5;249me[0m[38;5;249mf[0m[38;5;249mt[0m[38;5;249m,[0m[38;5;249m [0m[38;5;249mW[0m[38;5;249ma[0m[38;5;249mr[0m[38;5;249mn[0m[38;5;249mi[0m[38;5;249mn[0m[38;5;249mg[0m[38;5;249mC[0m[38;5;249mi[0m[38;5;249mr[0m[38;5;249mc[0m[38;5;249ml[0m[38;5;249me[0m[38;5;249m,[0m[38;5;249m [0m[38;5;249mI[0m[38;5;249mn[0m[38;5;249mf[0m[38;5;249mo[0m[38;5;249m,[0m[38;5;249m [0m[38;5;249mD[0m[38;5;249mo[0m[38;5;249mw[0m[38;5;249mn[0m[38;5;249ml[0m[38;5;249mo[0m[38;5;249ma[0m[38;5;249md[0m[38;5;249mS[0m[38;5;249mi[0m[38;5;249mm[0m[38;5;249mp[0m[38;5;249ml[0m[38;5;249me[0m[38;5;249m,[0m[38;5;249m [0m[38;5;249mT[0m[38;5;249mr[0m[38;5;249ma[0m[38;5;249ms[0m[38;5;249mh[0m[38;5;249m,[0m[38;5;249m [0m[38;5;249mA[0m[38;5;249mr[0m[38;5;249mr[0m[38;5;249mo[0m[38;5;249mw[0m[38;5;249ms[0m[38;5;249mC[0m[38;5;249ml[0m[38;5;249mo[0m[38;5;249mc[0m[38;5;249mk[0m[38;5;249mw[0m[38;5;249mi[0m[38;5;249ms[0m[38;5;249me[0m[38;5;249m,[0m[38;5;249m [0m[38;5;249mH[0m[38;5;249ma[0m[38;5;249mr[0m[38;5;249md[0m[38;5;249mD[0m[38;5;249mr[0m[38;5;249mi[0m[38;5;249mv[0m[38;5;249me[0m[38;5;249ms[0m[38;5;249m [0m[38;5;249m}[0m[38;5;249m [0m[38;5;249mf[0m[38;5;249mr[0m[38;5;249mo[0m[38;5;249mm[0m[38;5;249m [0m[38;5;249m"[0m[38;5;249m@[0m[38;5;249mp[0m[38;5;249mh[0m[38;5;249mo[0m[38;5;249ms[0m[38;5;249mp[0m[38;5;249mh[0m[38;5;249mo[0m[38;5;249mr[0m[38;5;249m-[0m[38;5;249mi[0m[38;5;249mc[0m[38;5;249mo[0m[38;5;249mn[0m[38;5;249ms[0m[38;5;249m/[0m[38;5;249mr[0m[38;5;249me[0m[38;5;249ma[0m[38;5;249mc[0m[38;5;249mt[0m[38;5;249m"[0m[38;5;249m;[0m
 [38;5;240m  │[0m               ───┬───  
 [38;5;240m  │[0m                  ╰───── Missing export
[38;5;246m───╯[0m

[31m[MISSING_EXPORT] Error:[0m "Swords" is not exported by "node_modules/@phosphor-icons/react/dist/index.es.js".
    [38;5;246m╭[0m[38;5;246m─[0m[38;5;246m[[0m src/components/Sidebar.jsx:13:88 [38;5;246m][0m
    [38;5;246m│[0m
 [38;5;246m13 │[0m [38;5;249mi[0m[38;5;249mm[0m[38;5;249mp[0m[38;5;249mo[0m[38;5;249mr[0m[38;5;249mt[0m[38;5;249m [0m[38;5;249m{[0m[38;5;249m [0m[38;5;249mH[0m[38;5;249mo[0m[38;5;249mu[0m[38;5;249ms[0m[38;5;249me[0m[38;5;249m,[0m[38;5;249m [0m[38;5;249mU[0m[38;5;249ms[0m[38;5;249me[0m[38;5;249mr[0m[38;5;249ms[0m[38;5;249m,[0m[38;5;249m [0m[38;5;249mS[0m[38;5;249mh[0m[38;5;249mo[0m[38;5;249mp[0m[38;5;249mp[0m[38;5;249mi[0m[38;5;249mn[0m[38;5;249mg[0m[38;5;249mC[0m[38;5;249ma[0m[38;5;249mr[0m[38;5;249mt[0m[38;5;249m,[0m[38;5;249m [0m[38;5;249mL[0m[38;5;249mi[0m[38;5;249ms[0m[38;5;249mt[0m[38;5;249mN[0m[38;5;249mu[0m[38;5;249mm[0m[38;5;249mb[0m[38;5;249me[0m[38;5;249mr[0m[38;5;249ms[0m[38;5;249m,[0m[38;5;249m [0m[38;5;249mT[0m[38;5;249mr[0m[38;5;249mo[0m[38;5;249mp[0m[38;5;249mh[0m[38;5;249my[0m[38;5;249m,[0m[38;5;249m [0m[38;5;249mM[0m[38;5;249mi[0m[38;5;249mc[0m[38;5;249mr[0m[38;5;249mo[0m[38;5;249mp[0m[38;5;249mh[0m[38;5;249mo[0m[38;5;249mn[0m[38;5;249me[0m[38;5;249mS[0m[38;5;249mt[0m[38;5;249ma[0m[38;5;249mg[0m[38;5;249me[0m[38;5;249m,[0m[38;5;249m [0m[38;5;249mS[0m[38;5;249mt[0m[38;5;249mo[0m[38;5;249mr[0m[38;5;249me[0m[38;5;249mf[0m[38;5;249mr[0m[38;5;249mo[0m[38;5;249mn[0m[38;5;249mt[0m[38;5;249m,[0m[38;5;249m [0mSwords[38;5;249m,[0m[38;5;249m [0m[38;5;249mS[0m[38;5;249mc[0m[38;5;249mr[0m[38;5;249mo[0m[38;5;249ml[0m[38;5;249ml[0m[38;5;249m,[0m[38;5;249m [0m[38;5;249mF[0m[38;5;249ml[0m[38;5;249mo[0m[38;5;249mp[0m[38;5;249mp[0m[38;5;249my[0m[38;5;249mD[0m[38;5;249mi[0m[38;5;249ms[0m[38;5;249mk[0m[38;5;249m,[0m[38;5;249m [0m[38;5;249mR[0m[38;5;249mo[0m[38;5;249mb[0m[38;5;249mo[0m[38;5;249mt[0m[38;5;249m [0m[38;5;249m}[0m[38;5;249m [0m[38;5;249mf[0m[38;5;249mr[0m[38;5;249mo[0m[38;5;249mm[0m[38;5;249m [0m[38;5;249m"[0m[38;5;249m@[0m[38;5;249mp[0m[38;5;249mh[0m[38;5;249mo[0m[38;5;249ms[0m[38;5;249mp[0m[38;5;249mh[0m[38;5;249mo[0m[38;5;249mr[0m[38;5;249m-[0m[38;5;249mi[0m[38;5;249mc[0m[38;5;249mo[0m[38;5;249mn[0m[38;5;249ms[0m[38;5;249m/[0m[38;5;249mr[0m[38;5;249me[0m[38;5;249ma[0m[38;5;249mc[0m[38;5;249mt[0m[38;5;249m"[0m[38;5;249m;[0m
 [38;5;240m   │[0m                                                                                        ───┬──  
 [38;5;240m   │[0m                                                                                           ╰──── Missing export
[38;5;246m────╯[0m

[31m[MISSING_EXPORT] Error:[0m "FileJson" is not exported by "node_modules/@phosphor-icons/react/dist/index.es.js".
   [38;5;246m╭[0m[38;5;246m─[0m[38;5;246m[[0m src/components/ChronicleView.jsx:6:50 [38;5;246m][0m
   [38;5;246m│[0m
 [38;5;246m6 │[0m [38;5;249mi[0m[38;5;249mm[0m[38;5;249mp[0m[38;5;249mo[0m[38;5;249mr[0m[38;5;249mt[0m[38;5;249m [0m[38;5;249m{[0m[38;5;249m [0m[38;5;249mA[0m[38;5;249mr[0m[38;5;249mt[0m[38;5;249mi[0m[38;5;249mc[0m[38;5;249ml[0m[38;5;249me[0m[38;5;249m,[0m[38;5;249m [0m[38;5;249mA[0m[38;5;249mr[0m[38;5;249mr[0m[38;5;249mo[0m[38;5;249mw[0m[38;5;249mL[0m[38;5;249me[0m[38;5;249mf[0m[38;5;249mt[0m[38;5;249m,[0m[38;5;249m [0m[38;5;249mI[0m[38;5;249mm[0m[38;5;249ma[0m[38;5;249mg[0m[38;5;249me[0m[38;5;249m [0m[38;5;249ma[0m[38;5;249ms[0m[38;5;249m [0m[38;5;249mI[0m[38;5;249mm[0m[38;5;249ma[0m[38;5;249mg[0m[38;5;249me[0m[38;5;249mI[0m[38;5;249mc[0m[38;5;249mo[0m[38;5;249mn[0m[38;5;249m,[0m[38;5;249m [0mFileJson[38;5;249m,[0m[38;5;249m [0m[38;5;249mC[0m[38;5;249ma[0m[38;5;249ml[0m[38;5;249me[0m[38;5;249mn[0m[38;5;249md[0m[38;5;249ma[0m[38;5;249mr[0m[38;5;249mB[0m[38;5;249ml[0m[38;5;249ma[0m[38;5;249mn[0m[38;5;249mk[0m[38;5;249m,[0m[38;5;249m [0m[38;5;249mI[0m[38;5;249mn[0m[38;5;249mf[0m[38;5;249mi[0m[38;5;249mn[0m[38;5;249mi[0m[38;5;249mt[0m[38;5;249my[0m[38;5;249m [0m[38;5;249ma[0m[38;5;249ms[0m[38;5;249m [0m[38;5;249mI[0m[38;5;249mn[0m[38;5;249mf[0m[38;5;249mi[0m[38;5;249mn[0m[38;5;249mi[0m[38;5;249mt[0m[38;5;249my[0m[38;5;249mI[0m[38;5;249mc[0m[38;5;249mo[0m[38;5;249mn[0m[38;5;249m [0m[38;5;249m}[0m[38;5;249m [0m[38;5;249mf[0m[38;5;249mr[0m[38;5;249mo[0m[38;5;249mm[0m[38;5;249m [0m[38;5;249m"[0m[38;5;249m@[0m[38;5;249mp[0m[38;5;249mh[0m[38;5;249mo[0m[38;5;249ms[0m[38;5;249mp[0m[38;5;249mh[0m[38;5;249mo[0m[38;5;249mr[0m[38;5;249m-[0m[38;5;249mi[0m[38;5;249mc[0m[38;5;249mo[0m[38;5;249mn[0m[38;5;249ms[0m[38;5;249m/[0m[38;5;249mr[0m[38;5;249me[0m[38;5;249ma[0m[38;5;249mc[0m[38;5;249mt[0m[38;5;249m"[0m[38;5;249m;[0m
 [38;5;240m  │[0m                                                  ────┬───  
 [38;5;240m  │[0m                                                      ╰───── Missing export
[38;5;246m───╯[0m

    at aggregateBindingErrorsIntoJsError (file:///Users/dudujarra/Documents/ELIFOOT/node_modules/rolldown/dist/shared/error-D4ASW9r2.mjs:48:18)
    at unwrapBindingResult (file:///Users/dudujarra/Documents/ELIFOOT/node_modules/rolldown/dist/shared/error-D4ASW9r2.mjs:18:128)
    at #build (file:///Users/dudujarra/Documents/ELIFOOT/node_modules/rolldown/dist/shared/rolldown-build-CorVA9v1.mjs:3255:34)
    at async buildEnvironment (file:///Users/dudujarra/Documents/ELIFOOT/node_modules/vite/dist/node/chunks/node.js:33033:64)
    at async Object.build (file:///Users/dudujarra/Documents/ELIFOOT/node_modules/vite/dist/node/chunks/node.js:33455:19)
    at async Object.buildApp (file:///Users/dudujarra/Documents/ELIFOOT/node_modules/vite/dist/node/chunks/node.js:33452:153)
    at async CAC.<anonymous> (file:///Users/dudujarra/Documents/ELIFOOT/node_modules/vite/dist/node/cli.js:778:3) {
  errors: [Getter/Setter]
}
